Participant 1:
M1: completed in 27502 ms
Button clicked,button_1,1559999232621
Button clicked,button_plus,1559999233137
Button clicked,button_2,1559999233697
Button clicked,button_plus,1559999234254
Button clicked,button_3,1559999234788
Button clicked,button_plus,1559999235366
Button clicked,button_4,1559999235915
Button clicked,button_plus,1559999236512
Button clicked,button_5,1559999237277
Button clicked,button_plus,1559999237859
Button clicked,button_6,1559999238482
Button clicked,button_plus,1559999238991
Button clicked,button_7,1559999239607
Button clicked,button_plus,1559999240156
Button clicked,button_8,1559999240659
Button clicked,button_plus,1559999241183
Button clicked,button_9,1559999241897
Button clicked,button_plus,1559999242343
Button clicked,button_1,1559999242988
Button clicked,button_0,1559999243466
Button clicked,button_plus,1559999244083
Button clicked,button_1,1559999244526
Button clicked,button_1,1559999244675
Button clicked,button_plus,1559999245288
Button clicked,button_1,1559999245798
Button clicked,button_2,1559999246269
Button clicked,button_plus,1559999246869
Button clicked,button_1,1559999247391
Button clicked,button_3,1559999247844
Button clicked,button_plus,1559999248296
Button clicked,button_1,1559999248840
Button clicked,button_4,1559999249221
Button clicked,button_plus,1559999249820
Button clicked,button_1,1559999250468
Button clicked,button_5,1559999250884
Button clicked,button_plus,1559999251377
Button clicked,button_1,1559999251937
Button clicked,button_6,1559999252647
Button clicked,button_plus,1559999253085
Button clicked,button_1,1559999253616
Button clicked,button_7,1559999254139
Button clicked,button_plus,1559999254631
Button clicked,button_1,1559999255373
Button clicked,button_8,1559999256042
Button clicked,button_plus,1559999256591
Button clicked,button_1,1559999257209
Button clicked,button_9,1559999257897
Button clicked,button_plus,1559999258311
Button clicked,button_2,1559999259059
Button clicked,button_0,1559999259598
Button clicked,button_equals,1559999260123

M2: completed in 9659 ms
Button clicked,button_parenthesis_open,1559999442557
Button clicked,button_3,1559999443634
Button clicked,button_multiply,1559999444186
Button clicked,button_multiply,1559999444315
Button clicked,button_2,1559999445038
Button clicked,button_plus,1559999446021
Button clicked,button_4,1559999446818
Button clicked,button_multiply,1559999447564
Button clicked,button_multiply,1559999447696
Button clicked,button_2,1559999448157
Button clicked,button_parenthesis_close,1559999448666
Button clicked,button_multiply,1559999449367
Button clicked,button_1,1559999449977
Button clicked,button_5,1559999450367
Button clicked,button_dot,1559999451041
Button clicked,button_2,1559999451610
Button clicked,button_equals,1559999452216

K2: completed in 10388 ms
Key pressed,16777248,1559999348716
Key pressed,40,1559999348974
Key pressed,51,1559999349382
Key pressed,16777248,1559999349658
Key pressed,42,1559999349880
Key pressed,42,1559999349987
Key pressed,50,1559999350245
Key pressed,43,1559999351196
Key pressed,52,1559999351686
Key pressed,16777248,1559999351959
Key pressed,42,1559999352501
Key pressed,42,1559999352619
Key pressed,50,1559999353184
Key pressed,16777248,1559999353480
Key pressed,41,1559999353696
Key pressed,16777248,1559999355951
Key pressed,42,1559999356312
Key pressed,49,1559999356989
Key pressed,53,1559999357133
Key pressed,46,1559999357656
Key pressed,50,1559999357910
Key pressed,16777248,1559999358960
Key pressed,61,1559999359104

K1: completed in 16432 ms
Key pressed,49,1559999298164
Key pressed,43,1559999298390
Key pressed,50,1559999298584
Key pressed,43,1559999298793
Key pressed,51,1559999298999
Key pressed,43,1559999299247
Key pressed,52,1559999299451
Key pressed,43,1559999299668
Key pressed,53,1559999299910
Key pressed,43,1559999300146
Key pressed,54,1559999300394
Key pressed,43,1559999300631
Key pressed,55,1559999300885
Key pressed,43,1559999301143
Key pressed,56,1559999301394
Key pressed,43,1559999301622
Key pressed,57,1559999301906
Key pressed,43,1559999302495
Key pressed,49,1559999302759
Key pressed,48,1559999303056
Key pressed,43,1559999303470
Key pressed,49,1559999303629
Key pressed,49,1559999303791
Key pressed,43,1559999304122
Key pressed,49,1559999304403
Key pressed,50,1559999304609
Key pressed,43,1559999304989
Key pressed,49,1559999305221
Key pressed,51,1559999305480
Key pressed,43,1559999305758
Key pressed,49,1559999305956
Key pressed,52,1559999306219
Key pressed,43,1559999306932
Key pressed,49,1559999307171
Key pressed,53,1559999307626
Key pressed,43,1559999307930
Key pressed,49,1559999308106
Key pressed,54,1559999308493
Key pressed,43,1559999308822
Key pressed,49,1559999309029
Key pressed,55,1559999309574
Key pressed,43,1559999310040
Key pressed,49,1559999310313
Key pressed,56,1559999310769
Key pressed,43,1559999311225
Key pressed,49,1559999311437
Key pressed,57,1559999311930
Key pressed,43,1559999312477
Key pressed,50,1559999312709
Key pressed,48,1559999312971
Key pressed,16777248,1559999314372
Key pressed,61,1559999314596



Participant 2:
M2: completed in 9701 ms
Button clicked,button_parenthesis_open,1560001903479
Button clicked,button_3,1560001904352
Button clicked,button_multiply,1560001905063
Button clicked,button_multiply,1560001905202
Button clicked,button_2,1560001905727
Button clicked,button_plus,1560001907036
Button clicked,button_4,1560001907784
Button clicked,button_multiply,1560001908398
Button clicked,button_multiply,1560001908530
Button clicked,button_2,1560001909089
Button clicked,button_parenthesis_close,1560001909687
Button clicked,button_multiply,1560001910234
Button clicked,button_1,1560001910744
Button clicked,button_5,1560001911142
Button clicked,button_dot,1560001912100
Button clicked,button_2,1560001912622
Button clicked,button_equals,1560001913180

K1: completed in 15560 ms
Key pressed,49,1560001945699
Key pressed,43,1560001945944
Key pressed,50,1560001946148
Key pressed,43,1560001946398
Key pressed,51,1560001946603
Key pressed,43,1560001946876
Key pressed,52,1560001947100
Key pressed,43,1560001947345
Key pressed,53,1560001947594
Key pressed,43,1560001947852
Key pressed,54,1560001948095
Key pressed,43,1560001948332
Key pressed,55,1560001948589
Key pressed,43,1560001948833
Key pressed,56,1560001949079
Key pressed,43,1560001949320
Key pressed,57,1560001949603
Key pressed,43,1560001950138
Key pressed,49,1560001950468
Key pressed,48,1560001950733
Key pressed,43,1560001951150
Key pressed,49,1560001951370
Key pressed,49,1560001951503
Key pressed,43,1560001951940
Key pressed,49,1560001952213
Key pressed,50,1560001952260
Key pressed,43,1560001952491
Key pressed,49,1560001952678
Key pressed,51,1560001952891
Key pressed,43,1560001953402
Key pressed,49,1560001953620
Key pressed,52,1560001953872
Key pressed,43,1560001954259
Key pressed,49,1560001954435
Key pressed,53,1560001954885
Key pressed,43,1560001955193
Key pressed,49,1560001955401
Key pressed,54,1560001955908
Key pressed,43,1560001956307
Key pressed,49,1560001956492
Key pressed,55,1560001957019
Key pressed,43,1560001957375
Key pressed,49,1560001957566
Key pressed,56,1560001958006
Key pressed,43,1560001958422
Key pressed,49,1560001958625
Key pressed,57,1560001959145
Key pressed,43,1560001959661
Key pressed,50,1560001959957
Key pressed,48,1560001960188
Key pressed,16777248,1560001961120
Key pressed,61,1560001961259

M1: completed in 29457 ms
Button clicked,button_1,1560002017923
Button clicked,button_plus,1560002018588
Button clicked,button_2,1560002019303
Button clicked,button_plus,1560002020205
Button clicked,button_3,1560002020754
Button clicked,button_plus,1560002021462
Button clicked,button_4,1560002022010
Button clicked,button_plus,1560002022675
Button clicked,button_5,1560002023206
Button clicked,button_plus,1560002023794
Button clicked,button_6,1560002024292
Button clicked,button_plus,1560002024790
Button clicked,button_7,1560002025274
Button clicked,button_plus,1560002025803
Button clicked,button_8,1560002026256
Button clicked,button_plus,1560002026749
Button clicked,button_9,1560002027193
Button clicked,button_plus,1560002027669
Button clicked,button_1,1560002028231
Button clicked,button_0,1560002028664
Button clicked,button_plus,1560002029200
Button clicked,button_1,1560002029791
Button clicked,button_1,1560002029932
Button clicked,button_plus,1560002030434
Button clicked,button_1,1560002031038
Button clicked,button_2,1560002031391
Button clicked,button_plus,1560002031894
Button clicked,button_1,1560002032881
Button clicked,button_3,1560002033363
Button clicked,button_plus,1560002033779
Button clicked,button_1,1560002034228
Button clicked,button_4,1560002034890
Button clicked,button_plus,1560002035480
Button clicked,button_1,1560002036274
Button clicked,button_5,1560002036889
Button clicked,button_plus,1560002037520
Button clicked,button_1,1560002038216
Button clicked,button_6,1560002038720
Button clicked,button_plus,1560002039133
Button clicked,button_1,1560002040158
Button clicked,button_7,1560002040808
Button clicked,button_plus,1560002041882
Button clicked,button_1,1560002042793
Button clicked,button_8,1560002043381
Button clicked,button_plus,1560002043915
Button clicked,button_1,1560002044444
Button clicked,button_9,1560002045039
Button clicked,button_plus,1560002045584
Button clicked,button_2,1560002046186
Button clicked,button_0,1560002046863
Button clicked,button_equals,1560002047380

K2: completed in 8847 ms
Key pressed,16777248,1560002071129
Key pressed,40,1560002071305
Key pressed,51,1560002071694
Key pressed,16777248,1560002071950
Key pressed,42,1560002072442
Key pressed,42,1560002072560
Key pressed,50,1560002073058
Key pressed,43,1560002073974
Key pressed,52,1560002074402
Key pressed,16777248,1560002074671
Key pressed,42,1560002075308
Key pressed,42,1560002075422
Key pressed,50,1560002076115
Key pressed,16777248,1560002076649
Key pressed,41,1560002076792
Key pressed,16777248,1560002077449
Key pressed,42,1560002077593
Key pressed,49,1560002078280
Key pressed,53,1560002078510
Key pressed,46,1560002078996
Key pressed,50,1560002079238
Key pressed,16777248,1560002079805
Key pressed,61,1560002079976


Participant 3:
K1: completed in 19747 ms
Key pressed,49,1560005700894
Key pressed,43,1560005701225
Key pressed,50,1560005701476
Key pressed,43,1560005701740
Key pressed,51,1560005701926
Key pressed,43,1560005702163
Key pressed,52,1560005702369
Key pressed,43,1560005702609
Key pressed,53,1560005702838
Key pressed,43,1560005703056
Key pressed,54,1560005703290
Key pressed,43,1560005703509
Key pressed,55,1560005703753
Key pressed,43,1560005703989
Key pressed,56,1560005704230
Key pressed,43,1560005704446
Key pressed,57,1560005704710
Key pressed,43,1560005705181
Key pressed,49,1560005705822
Key pressed,48,1560005706021
Key pressed,43,1560005706477
Key pressed,49,1560005706862
Key pressed,49,1560005706995
Key pressed,43,1560005707393
Key pressed,49,1560005707945
Key pressed,50,1560005708227
Key pressed,43,1560005708735
Key pressed,49,1560005709409
Key pressed,51,1560005709689
Key pressed,43,1560005710117
Key pressed,49,1560005710659
Key pressed,52,1560005710924
Key pressed,43,1560005711322
Key pressed,49,1560005711595
Key pressed,53,1560005711927
Key pressed,43,1560005712349
Key pressed,49,1560005712576
Key pressed,54,1560005712988
Key pressed,43,1560005713302
Key pressed,49,1560005713530
Key pressed,55,1560005714545
Key pressed,43,1560005715186
Key pressed,49,1560005715451
Key pressed,56,1560005715994
Key pressed,43,1560005716536
Key pressed,49,1560005717078
Key pressed,57,1560005717368
Key pressed,43,1560005718337
Key pressed,50,1560005718849
Key pressed,48,1560005719120
Key pressed,16777248,1560005720012
Key pressed,61,1560005720641

K2: completed in 8334 ms
Key pressed,16777248,1560005766612
Key pressed,40,1560005766755
Key pressed,51,1560005767127
Key pressed,16777248,1560005767393
Key pressed,42,1560005767588
Key pressed,42,1560005767696
Key pressed,50,1560005768073
Key pressed,43,1560005769014
Key pressed,52,1560005769643
Key pressed,16777248,1560005770142
Key pressed,42,1560005770398
Key pressed,42,1560005770515
Key pressed,50,1560005771001
Key pressed,16777248,1560005771304
Key pressed,41,1560005771517
Key pressed,16777248,1560005772033
Key pressed,42,1560005772257
Key pressed,49,1560005772784
Key pressed,53,1560005773000
Key pressed,46,1560005773553
Key pressed,50,1560005773760
Key pressed,16777248,1560005774692
Key pressed,61,1560005774946

M2: completed in 9525 ms
Button clicked,button_parenthesis_open,1560005794489
Button clicked,button_3,1560005795180
Button clicked,button_multiply,1560005795883
Button clicked,button_multiply,1560005796014
Button clicked,button_2,1560005796612
Button clicked,button_plus,1560005798365
Button clicked,button_4,1560005798962
Button clicked,button_multiply,1560005799618
Button clicked,button_multiply,1560005799732
Button clicked,button_2,1560005800310
Button clicked,button_parenthesis_close,1560005800815
Button clicked,button_multiply,1560005801289
Button clicked,button_1,1560005801917
Button clicked,button_5,1560005802302
Button clicked,button_dot,1560005802924
Button clicked,button_2,1560005803430
Button clicked,button_equals,1560005804014

M1: completed in 29163 ms
Button clicked,button_1,1560005819068
Button clicked,button_plus,1560005819538
Button clicked,button_2,1560005820372
Button clicked,button_plus,1560005821144
Button clicked,button_3,1560005821820
Button clicked,button_plus,1560005822447
Button clicked,button_4,1560005823206
Button clicked,button_plus,1560005823837
Button clicked,button_5,1560005824503
Button clicked,button_plus,1560005824999
Button clicked,button_6,1560005825661
Button clicked,button_plus,1560005826130
Button clicked,button_7,1560005826666
Button clicked,button_plus,1560005827273
Button clicked,button_8,1560005827822
Button clicked,button_plus,1560005828335
Button clicked,button_9,1560005828832
Button clicked,button_plus,1560005829330
Button clicked,button_1,1560005830051
Button clicked,button_0,1560005830496
Button clicked,button_plus,1560005831223
Button clicked,button_1,1560005831730
Button clicked,button_1,1560005831881
Button clicked,button_plus,1560005832536
Button clicked,button_1,1560005833083
Button clicked,button_2,1560005833455
Button clicked,button_plus,1560005833910
Button clicked,button_1,1560005834401
Button clicked,button_3,1560005834852
Button clicked,button_plus,1560005835335
Button clicked,button_1,1560005835936
Button clicked,button_4,1560005836363
Button clicked,button_plus,1560005836968
Button clicked,button_1,1560005837608
Button clicked,button_5,1560005837976
Button clicked,button_plus,1560005838397
Button clicked,button_1,1560005839102
Button clicked,button_6,1560005839577
Button clicked,button_plus,1560005840029
Button clicked,button_1,1560005840622
Button clicked,button_7,1560005841174
Button clicked,button_plus,1560005842102
Button clicked,button_1,1560005842882
Button clicked,button_8,1560005843368
Button clicked,button_plus,1560005844577
Button clicked,button_1,1560005845478
Button clicked,button_9,1560005845893
Button clicked,button_plus,1560005846300
Button clicked,button_2,1560005846910
Button clicked,button_0,1560005847703
Button clicked,button_equals,1560005848231


Participant 4:
K2: completed in 12016 ms
Key pressed,16777248,1560005871997
Key pressed,40,1560005872287
Key pressed,51,1560005873147
Key pressed,16777248,1560005874003
Key pressed,42,1560005874319
Key pressed,42,1560005874529
Key pressed,50,1560005875157
Key pressed,43,1560005876175
Key pressed,52,1560005876940
Key pressed,16777248,1560005877498
Key pressed,42,1560005877825
Key pressed,42,1560005877986
Key pressed,50,1560005878643
Key pressed,16777248,1560005879140
Key pressed,41,1560005879430
Key pressed,16777248,1560005880298
Key pressed,42,1560005880527
Key pressed,49,1560005881554
Key pressed,53,1560005881956
Key pressed,46,1560005882573
Key pressed,50,1560005882945
Key pressed,16777248,1560005883553
Key pressed,61,1560005884013

M1: completed in 29919 ms
Button clicked,button_1,1560005900090
Button clicked,button_plus,1560005900865
Button clicked,button_2,1560005901654
Button clicked,button_plus,1560005902334
Button clicked,button_3,1560005903096
Button clicked,button_plus,1560005903699
Button clicked,button_4,1560005904580
Button clicked,button_plus,1560005905235
Button clicked,button_5,1560005906055
Button clicked,button_plus,1560005906761
Button clicked,button_6,1560005907494
Button clicked,button_plus,1560005908171
Button clicked,button_7,1560005908777
Button clicked,button_plus,1560005909490
Button clicked,button_8,1560005910110
Button clicked,button_plus,1560005910764
Button clicked,button_9,1560005911442
Button clicked,button_plus,1560005912073
Button clicked,button_1,1560005912747
Button clicked,button_0,1560005913324
Button clicked,button_plus,1560005913936
Button clicked,button_1,1560005914520
Button clicked,button_1,1560005915042
Button clicked,button_plus,1560005915785
Button clicked,button_1,1560005916352
Button clicked,button_2,1560005916779
Button clicked,button_plus,1560005917313
Button clicked,button_1,1560005917922
Button clicked,button_3,1560005918349
Button clicked,button_plus,1560005918900
Button clicked,button_1,1560005919472
Button clicked,button_4,1560005919864
Button clicked,button_plus,1560005920476
Button clicked,button_1,1560005921096
Button clicked,button_5,1560005921511
Button clicked,button_plus,1560005922142
Button clicked,button_1,1560005922716
Button clicked,button_6,1560005923163
Button clicked,button_plus,1560005923615
Button clicked,button_1,1560005924296
Button clicked,button_7,1560005924804
Button clicked,button_plus,1560005925279
Button clicked,button_1,1560005925873
Button clicked,button_8,1560005926383
Button clicked,button_plus,1560005926835
Button clicked,button_1,1560005927478
Button clicked,button_9,1560005927991
Button clicked,button_plus,1560005928430
Button clicked,button_2,1560005929041
Button clicked,button_0,1560005929496
Button clicked,button_equals,1560005930009

K1: completed in 24639 ms
Key pressed,49,1560005950054
Key pressed,43,1560005950493
Key pressed,50,1560005950905
Key pressed,43,1560005951309
Key pressed,51,1560005951708
Key pressed,43,1560005952165
Key pressed,52,1560005952575
Key pressed,43,1560005953040
Key pressed,53,1560005953458
Key pressed,43,1560005953903
Key pressed,54,1560005954316
Key pressed,43,1560005954762
Key pressed,55,1560005955166
Key pressed,43,1560005955608
Key pressed,56,1560005956038
Key pressed,43,1560005956497
Key pressed,57,1560005956932
Key pressed,43,1560005957446
Key pressed,49,1560005957985
Key pressed,48,1560005958366
Key pressed,43,1560005958862
Key pressed,49,1560005959409
Key pressed,49,1560005959701
Key pressed,43,1560005960431
Key pressed,49,1560005960855
Key pressed,50,1560005961106
Key pressed,43,1560005961704
Key pressed,49,1560005962201
Key pressed,51,1560005962474
Key pressed,43,1560005963173
Key pressed,49,1560005963612
Key pressed,52,1560005963906
Key pressed,43,1560005964610
Key pressed,49,1560005965160
Key pressed,53,1560005965435
Key pressed,43,1560005966052
Key pressed,49,1560005966691
Key pressed,54,1560005967027
Key pressed,43,1560005967692
Key pressed,49,1560005968364
Key pressed,55,1560005968674
Key pressed,43,1560005969303
Key pressed,49,1560005969937
Key pressed,56,1560005970248
Key pressed,43,1560005970871
Key pressed,49,1560005971444
Key pressed,57,1560005971743
Key pressed,43,1560005972383
Key pressed,50,1560005972991
Key pressed,48,1560005973321
Key pressed,16777248,1560005974414
Key pressed,61,1560005974693

M2: completed in 13846 ms
Button clicked,button_parenthesis_open,1560005995457
Button clicked,button_3,1560005996287
Button clicked,button_multiply,1560005997320
Button clicked,button_multiply,1560005997961
Button clicked,button_2,1560005998977
Button clicked,button_plus,1560006000653
Button clicked,button_4,1560006001417
Button clicked,button_multiply,1560006002091
Button clicked,button_multiply,1560006002626
Button clicked,button_2,1560006003249
Button clicked,button_parenthesis_close,1560006003801
Button clicked,button_multiply,1560006005077
Button clicked,button_1,1560006005665
Button clicked,button_5,1560006006928
Button clicked,button_dot,1560006007857
Button clicked,button_2,1560006008465
Button clicked,button_equals,1560006009303